// Jest Snapshot v1, https://goo.gl/fbAQLP

exports[`App should render correctly 1`] = `
<DocumentFragment>
  <div
    class="appContainer"
  >
    <header
      class="recordsHeader"
    >
      <p
        class="recordsHeaderText"
        data-testid="records-header-text"
      >
        My
        <span
          class="recordsHeaderSpan"
        >
          Record
        </span>
        Shelf
      </p>
    </header>
    <div
      class="appBodyContainer"
    >
      <div
        class="homePageContainer"
      >
        <p
          class="homePageText"
        >
          :((
        </p>
        <p
          class="homePageText"
        >
          seems a bit empty in here..
        </p>
        <button
          class="homePageButton"
          type="button"
        >
          sync
        </button>
      </div>
    </div>
  </div>
</DocumentFragment>
`;
